Removed Pin From Net: NetName=GND Pin=D1rl1-2
Removed Pin From Net: NetName=GND Pin=D1rl2-2
Removed Pin From Net: NetName=GND Pin=D1rl3-2
Removed Pin From Net: NetName=GND Pin=D2rl1-2
Removed Pin From Net: NetName=GND Pin=D2rl2-2
Removed Pin From Net: NetName=GND Pin=D2rl3-2
Removed Pin From Net: NetName=VCC_5V Pin=R2rl1-2
Removed Pin From Net: NetName=VCC_5V Pin=R2rl2-2
Removed Pin From Net: NetName=VCC_5V Pin=R2rl3-2
Removed Pin From Net: NetName=VCC_5V Pin=R3rl1-2
Removed Pin From Net: NetName=VCC_5V Pin=R3rl2-2
Removed Pin From Net: NetName=VCC_5V Pin=R3rl3-2
Removed Pin From Net: NetName=GND Pin=U2Mb-1
Removed Pin From Net: NetName=RS485A2 Pin=U2Mb-2
Removed Pin From Net: NetName=RS485B2 Pin=U2Mb-3
Removed Pin From Net: NetName=VCC_5V Pin=U2Mb-4
Removed Pin From Net: NetName=U1RXo Pin=U2Mb-5
Removed Pin From Net: NetName=U1ENo Pin=U2Mb-6
Removed Pin From Net: NetName=U1ENo Pin=U2Mb-7
Removed Pin From Net: NetName=U1TXo Pin=U2Mb-8
Removed Member From Class: ClassName=DATN_IoT_Node_Schenatic Member=D1rl1
Removed Member From Class: ClassName=DATN_IoT_Node_Schenatic Member=D1rl2
Removed Member From Class: ClassName=DATN_IoT_Node_Schenatic Member=D1rl3
Removed Member From Class: ClassName=DATN_IoT_Node_Schenatic Member=D2rl1
Removed Member From Class: ClassName=DATN_IoT_Node_Schenatic Member=D2rl2
Removed Member From Class: ClassName=DATN_IoT_Node_Schenatic Member=D2rl3
Removed Member From Class: ClassName=DATN_IoT_Node_Schenatic Member=R2rl1
Removed Member From Class: ClassName=DATN_IoT_Node_Schenatic Member=R2rl2
Removed Member From Class: ClassName=DATN_IoT_Node_Schenatic Member=R2rl3
Removed Member From Class: ClassName=DATN_IoT_Node_Schenatic Member=R3rl1
Removed Member From Class: ClassName=DATN_IoT_Node_Schenatic Member=R3rl2
Removed Member From Class: ClassName=DATN_IoT_Node_Schenatic Member=R3rl3
Removed Member From Class: ClassName=DATN_IoT_Node_Schenatic Member=U2Mb
Added Room: Name=DATN_IoT_Node_Schenatic
