Removed Pin From Net: NetName=TX Pin=ARDUINO_MINI_PRO-9
Removed Pin From Net: NetName=U2ENo Pin=ARDUINO_MINI_PRO-A6
Removed Pin From Net: NetName=VMb Pin=Dn2-1
Removed Pin From Net: NetName=TX Pin=P2-1
Removed Pin From Net: NetName=U2ENo Pin=P4-2
Removed Pin From Net: NetName=GND Pin=Ptr2-1
Removed Pin From Net: NetName=VCC_5V Pin=R1Mb1-1
Removed Pin From Net: NetName=VCC_5V Pin=R2Mb1-1
Removed Pin From Net: NetName=VCC_5V Pin=R3Mb1-1
Removed Pin From Net: NetName=VCC_5V Pin=R4Mb1-1
Removed Pin From Net: NetName=GND Pin=R5Mb1-1
Removed Pin From Net: NetName=GND Pin=U1Mb1-5
Removed Pin From Net: NetName=VCC_5V Pin=U1Mb1-8
Removed Pin From Net: NetName=GND Pin=U2Mb1-1
Removed Pin From Net: NetName=VCC_5V Pin=U2Mb1-4
Removed Member From Class: ClassName=Sheet1 Member=Dn2
Removed Member From Class: ClassName=Sheet1 Member=Ptr2
Removed Member From Class: ClassName=Sheet1 Member=R1Mb1
Removed Member From Class: ClassName=Sheet1 Member=R2Mb1
Removed Member From Class: ClassName=Sheet1 Member=R3Mb1
Removed Member From Class: ClassName=Sheet1 Member=R4Mb1
Removed Member From Class: ClassName=Sheet1 Member=R5Mb1
Removed Member From Class: ClassName=Sheet1 Member=R6Mb1
Removed Member From Class: ClassName=Sheet1 Member=U1Mb1
Removed Member From Class: ClassName=Sheet1 Member=U2Mb1
Change Component Designator: OldDesignator=Drl1 NewDesignator=D3rl1
Change Component Designator: OldDesignator=Drl2 NewDesignator=D1rl1
Change Component Designator: OldDesignator=Drl3 NewDesignator=D2rl1
Change Component Designator: OldDesignator=Rrl1 NewDesignator=R1rl1
Change Component Designator: OldDesignator=Rrl2 NewDesignator=R2rl1
Change Component Designator: OldDesignator=Rrl3 NewDesignator=R3rl1
Added Component: Designator=D1rl2(3.5X2.8X1.9)
Add component (AddParameter): Name = "DatasheetVersion"; Value = "16-Apr-2002"; VariantName = "[No Variations]"
Add component (AddParameter): Name = "LatestRevisionDate"; Value = "17-Dec-2003"; VariantName = "[No Variations]"
Add component (AddParameter): Name = "LatestRevisionNote"; Value = "PCB Footprint replaced."; VariantName = "[No Variations]"
Add component (AddParameter): Name = "PackageDescription"; Value = "SM LED; 2 C-Bend Leads; Body 3.5 x 2.8 x 1.9 mm, inc leads (LxWxH typ)"; VariantName = "[No Variations]"
Add component (AddParameter): Name = "PackageReference"; Value = "3.5X2.8X1.9"; VariantName = "[No Variations]"
Add component (AddParameter): Name = "PackageVersion"; Value = "16-Apr-2002"; VariantName = "[No Variations]"
Add component (AddParameter): Name = "Published"; Value = "8-Jun-2000"; VariantName = "[No Variations]"
Add component (AddParameter): Name = "Publisher"; Value = "Altium Limited"; VariantName = "[No Variations]"
Added Component: Designator=D1rl3(3.5X2.8X1.9)
Add component (AddParameter): Name = "DatasheetVersion"; Value = "16-Apr-2002"; VariantName = "[No Variations]"
Add component (AddParameter): Name = "LatestRevisionDate"; Value = "17-Dec-2003"; VariantName = "[No Variations]"
Add component (AddParameter): Name = "LatestRevisionNote"; Value = "PCB Footprint replaced."; VariantName = "[No Variations]"
Add component (AddParameter): Name = "PackageDescription"; Value = "SM LED; 2 C-Bend Leads; Body 3.5 x 2.8 x 1.9 mm, inc leads (LxWxH typ)"; VariantName = "[No Variations]"
Add component (AddParameter): Name = "PackageReference"; Value = "3.5X2.8X1.9"; VariantName = "[No Variations]"
Add component (AddParameter): Name = "PackageVersion"; Value = "16-Apr-2002"; VariantName = "[No Variations]"
Add component (AddParameter): Name = "Published"; Value = "8-Jun-2000"; VariantName = "[No Variations]"
Add component (AddParameter): Name = "Publisher"; Value = "Altium Limited"; VariantName = "[No Variations]"
Added Component: Designator=D2rl2(3.5X2.8X1.9)
Add component (AddParameter): Name = "DatasheetVersion"; Value = "16-Apr-2002"; VariantName = "[No Variations]"
Add component (AddParameter): Name = "LatestRevisionDate"; Value = "17-Dec-2003"; VariantName = "[No Variations]"
Add component (AddParameter): Name = "LatestRevisionNote"; Value = "PCB Footprint replaced."; VariantName = "[No Variations]"
Add component (AddParameter): Name = "PackageDescription"; Value = "SM LED; 2 C-Bend Leads; Body 3.5 x 2.8 x 1.9 mm, inc leads (LxWxH typ)"; VariantName = "[No Variations]"
Add component (AddParameter): Name = "PackageReference"; Value = "3.5X2.8X1.9"; VariantName = "[No Variations]"
Add component (AddParameter): Name = "PackageVersion"; Value = "16-Apr-2002"; VariantName = "[No Variations]"
Add component (AddParameter): Name = "Published"; Value = "8-Jun-2000"; VariantName = "[No Variations]"
Add component (AddParameter): Name = "Publisher"; Value = "Altium Limited"; VariantName = "[No Variations]"
Added Component: Designator=D2rl3(3.5X2.8X1.9)
Add component (AddParameter): Name = "DatasheetVersion"; Value = "16-Apr-2002"; VariantName = "[No Variations]"
Add component (AddParameter): Name = "LatestRevisionDate"; Value = "17-Dec-2003"; VariantName = "[No Variations]"
Add component (AddParameter): Name = "LatestRevisionNote"; Value = "PCB Footprint replaced."; VariantName = "[No Variations]"
Add component (AddParameter): Name = "PackageDescription"; Value = "SM LED; 2 C-Bend Leads; Body 3.5 x 2.8 x 1.9 mm, inc leads (LxWxH typ)"; VariantName = "[No Variations]"
Add component (AddParameter): Name = "PackageReference"; Value = "3.5X2.8X1.9"; VariantName = "[No Variations]"
Add component (AddParameter): Name = "PackageVersion"; Value = "16-Apr-2002"; VariantName = "[No Variations]"
Add component (AddParameter): Name = "Published"; Value = "8-Jun-2000"; VariantName = "[No Variations]"
Add component (AddParameter): Name = "Publisher"; Value = "Altium Limited"; VariantName = "[No Variations]"
Added Component: Designator=D3rl2(SMC)
Add component (AddParameter): Name = "Code_JEDEC"; Value = "DO-214-AB"; VariantName = "[No Variations]"
Add component (AddParameter): Name = "LatestRevisionDate"; Value = "17-Jul-2002"; VariantName = "[No Variations]"
Add component (AddParameter): Name = "LatestRevisionNote"; Value = "Re-released for DXP Platform."; VariantName = "[No Variations]"
Add component (AddParameter): Name = "PackageDescription"; Value = "DO-214-AB/SMC; 2 C-Bend Leads; Body 7.9 x 5.9 mm, inc. leads (LxW)"; VariantName = "[No Variations]"
Add component (AddParameter): Name = "PackageReference"; Value = "SMC"; VariantName = "[No Variations]"
Add component (AddParameter): Name = "PackageVersion"; Value = "Sep-1996"; VariantName = "[No Variations]"
Add component (AddParameter): Name = "Published"; Value = "8-Jun-2000"; VariantName = "[No Variations]"
Add component (AddParameter): Name = "Publisher"; Value = "Altium Limited"; VariantName = "[No Variations]"
Added Component: Designator=D3rl3(SMC)
Add component (AddParameter): Name = "Code_JEDEC"; Value = "DO-214-AB"; VariantName = "[No Variations]"
Add component (AddParameter): Name = "LatestRevisionDate"; Value = "17-Jul-2002"; VariantName = "[No Variations]"
Add component (AddParameter): Name = "LatestRevisionNote"; Value = "Re-released for DXP Platform."; VariantName = "[No Variations]"
Add component (AddParameter): Name = "PackageDescription"; Value = "DO-214-AB/SMC; 2 C-Bend Leads; Body 7.9 x 5.9 mm, inc. leads (LxW)"; VariantName = "[No Variations]"
Add component (AddParameter): Name = "PackageReference"; Value = "SMC"; VariantName = "[No Variations]"
Add component (AddParameter): Name = "PackageVersion"; Value = "Sep-1996"; VariantName = "[No Variations]"
Add component (AddParameter): Name = "Published"; Value = "8-Jun-2000"; VariantName = "[No Variations]"
Add component (AddParameter): Name = "Publisher"; Value = "Altium Limited"; VariantName = "[No Variations]"
Added Component: Designator=Prl2(CON 3 3EDG5.08)
Add component (AddParameter): Name = "Chung_Loai"; Value = "C?m"; VariantName = "[No Variations]"
Add component (AddParameter): Name = "Don_Vi"; Value = "Con"; VariantName = "[No Variations]"
Add component (AddParameter): Name = "Ghi_Chu"; Value = ""; VariantName = "[No Variations]"
Add component (AddParameter): Name = "Kieu_Chan"; Value = ""; VariantName = "[No Variations]"
Add component (AddParameter): Name = "Ma_Hang"; Value = "MH000760"; VariantName = "[No Variations]"
Add component (AddParameter): Name = "Ten_Linh_Kien"; Value = "CON 3 2EDG5.08-3P 5.08MM ( Xanh Cong)"; VariantName = "[No Variations]"
Added Component: Designator=Prl3(CON 3 3EDG5.08)
Add component (AddParameter): Name = "Chung_Loai"; Value = "C?m"; VariantName = "[No Variations]"
Add component (AddParameter): Name = "Don_Vi"; Value = "Con"; VariantName = "[No Variations]"
Add component (AddParameter): Name = "Ghi_Chu"; Value = ""; VariantName = "[No Variations]"
Add component (AddParameter): Name = "Kieu_Chan"; Value = ""; VariantName = "[No Variations]"
Add component (AddParameter): Name = "Ma_Hang"; Value = "MH000760"; VariantName = "[No Variations]"
Add component (AddParameter): Name = "Ten_Linh_Kien"; Value = "CON 3 2EDG5.08-3P 5.08MM ( Xanh Cong)"; VariantName = "[No Variations]"
Added Component: Designator=Q3(TO-92A)
Add component (AddParameter): Name = "ComponentLink1Description"; Value = "Manufacturer Link"; VariantName = "[No Variations]"
Add component (AddParameter): Name = "ComponentLink1URL"; Value = "http://www.fairchildsemi.com/"; VariantName = "[No Variations]"
Add component (AddParameter): Name = "ComponentLink2Description"; Value = "Datasheet"; VariantName = "[No Variations]"
Add component (AddParameter): Name = "ComponentLink2URL"; Value = "http://www.fairchildsemi.com/ds/2N%2F2N3904.pdf"; VariantName = "[No Variations]"
Add component (AddParameter): Name = "DatasheetVersion"; Value = "1997"; VariantName = "[No Variations]"
Add component (AddParameter): Name = "LatestRevisionDate"; Value = "15-Jan-2003"; VariantName = "[No Variations]"
Add component (AddParameter): Name = "LatestRevisionNote"; Value = "PCB Footprint 'BCY-W3/D4.7' replaced"; VariantName = "[No Variations]"
Add component (AddParameter): Name = "PackageDescription"; Value = "TO, Flat Index; 3 In-Line, Axial Leads; Body Dia. 4.5mm; Leads 0.51 x 0.48 mm (max)"; VariantName = "[No Variations]"
Add component (AddParameter): Name = "PackageReference"; Value = "TO-92A"; VariantName = "[No Variations]"
Add component (AddParameter): Name = "PackageVersion"; Value = "Sep-1998"; VariantName = "[No Variations]"
Add component (AddParameter): Name = "Published"; Value = "8-Jun-2000"; VariantName = "[No Variations]"
Add component (AddParameter): Name = "Publisher"; Value = "Altium Limited"; VariantName = "[No Variations]"
Added Component: Designator=Q4(TO-92A)
Add component (AddParameter): Name = "ComponentLink1Description"; Value = "Manufacturer Link"; VariantName = "[No Variations]"
Add component (AddParameter): Name = "ComponentLink1URL"; Value = "http://www.fairchildsemi.com/"; VariantName = "[No Variations]"
Add component (AddParameter): Name = "ComponentLink2Description"; Value = "Datasheet"; VariantName = "[No Variations]"
Add component (AddParameter): Name = "ComponentLink2URL"; Value = "http://www.fairchildsemi.com/ds/2N%2F2N3904.pdf"; VariantName = "[No Variations]"
Add component (AddParameter): Name = "DatasheetVersion"; Value = "1997"; VariantName = "[No Variations]"
Add component (AddParameter): Name = "LatestRevisionDate"; Value = "15-Jan-2003"; VariantName = "[No Variations]"
Add component (AddParameter): Name = "LatestRevisionNote"; Value = "PCB Footprint 'BCY-W3/D4.7' replaced"; VariantName = "[No Variations]"
Add component (AddParameter): Name = "PackageDescription"; Value = "TO, Flat Index; 3 In-Line, Axial Leads; Body Dia. 4.5mm; Leads 0.51 x 0.48 mm (max)"; VariantName = "[No Variations]"
Add component (AddParameter): Name = "PackageReference"; Value = "TO-92A"; VariantName = "[No Variations]"
Add component (AddParameter): Name = "PackageVersion"; Value = "Sep-1998"; VariantName = "[No Variations]"
Add component (AddParameter): Name = "Published"; Value = "8-Jun-2000"; VariantName = "[No Variations]"
Add component (AddParameter): Name = "Publisher"; Value = "Altium Limited"; VariantName = "[No Variations]"
Added Component: Designator=R1rl2(0805c)
Add component (AddParameter): Name = "LatestRevisionDate"; Value = "17-Jul-2002"; VariantName = "[No Variations]"
Add component (AddParameter): Name = "LatestRevisionNote"; Value = "Re-released for DXP Platform."; VariantName = "[No Variations]"
Add component (AddParameter): Name = "PackageReference"; Value = "AXIAL-0.3"; VariantName = "[No Variations]"
Add component (AddParameter): Name = "Published"; Value = "8-Jun-2000"; VariantName = "[No Variations]"
Add component (AddParameter): Name = "Publisher"; Value = "Altium Limited"; VariantName = "[No Variations]"
Add component (AddParameter): Name = "Value"; Value = "1K"; VariantName = "[No Variations]"
Added Component: Designator=R1rl3(0805c)
Add component (AddParameter): Name = "LatestRevisionDate"; Value = "17-Jul-2002"; VariantName = "[No Variations]"
Add component (AddParameter): Name = "LatestRevisionNote"; Value = "Re-released for DXP Platform."; VariantName = "[No Variations]"
Add component (AddParameter): Name = "PackageReference"; Value = "AXIAL-0.3"; VariantName = "[No Variations]"
Add component (AddParameter): Name = "Published"; Value = "8-Jun-2000"; VariantName = "[No Variations]"
Add component (AddParameter): Name = "Publisher"; Value = "Altium Limited"; VariantName = "[No Variations]"
Add component (AddParameter): Name = "Value"; Value = "1K"; VariantName = "[No Variations]"
Added Component: Designator=R2rl2(0805c)
Add component (AddParameter): Name = "LatestRevisionDate"; Value = "17-Jul-2002"; VariantName = "[No Variations]"
Add component (AddParameter): Name = "LatestRevisionNote"; Value = "Re-released for DXP Platform."; VariantName = "[No Variations]"
Add component (AddParameter): Name = "PackageReference"; Value = "AXIAL-0.3"; VariantName = "[No Variations]"
Add component (AddParameter): Name = "Published"; Value = "8-Jun-2000"; VariantName = "[No Variations]"
Add component (AddParameter): Name = "Publisher"; Value = "Altium Limited"; VariantName = "[No Variations]"
Add component (AddParameter): Name = "Value"; Value = "1K"; VariantName = "[No Variations]"
Added Component: Designator=R2rl3(0805c)
Add component (AddParameter): Name = "LatestRevisionDate"; Value = "17-Jul-2002"; VariantName = "[No Variations]"
Add component (AddParameter): Name = "LatestRevisionNote"; Value = "Re-released for DXP Platform."; VariantName = "[No Variations]"
Add component (AddParameter): Name = "PackageReference"; Value = "AXIAL-0.3"; VariantName = "[No Variations]"
Add component (AddParameter): Name = "Published"; Value = "8-Jun-2000"; VariantName = "[No Variations]"
Add component (AddParameter): Name = "Publisher"; Value = "Altium Limited"; VariantName = "[No Variations]"
Add component (AddParameter): Name = "Value"; Value = "1K"; VariantName = "[No Variations]"
Added Component: Designator=R3rl2(0805c)
Add component (AddParameter): Name = "LatestRevisionDate"; Value = "17-Jul-2002"; VariantName = "[No Variations]"
Add component (AddParameter): Name = "LatestRevisionNote"; Value = "Re-released for DXP Platform."; VariantName = "[No Variations]"
Add component (AddParameter): Name = "PackageReference"; Value = "AXIAL-0.3"; VariantName = "[No Variations]"
Add component (AddParameter): Name = "Published"; Value = "8-Jun-2000"; VariantName = "[No Variations]"
Add component (AddParameter): Name = "Publisher"; Value = "Altium Limited"; VariantName = "[No Variations]"
Add component (AddParameter): Name = "Value"; Value = "1K"; VariantName = "[No Variations]"
Added Component: Designator=R3rl3(0805c)
Add component (AddParameter): Name = "LatestRevisionDate"; Value = "17-Jul-2002"; VariantName = "[No Variations]"
Add component (AddParameter): Name = "LatestRevisionNote"; Value = "Re-released for DXP Platform."; VariantName = "[No Variations]"
Add component (AddParameter): Name = "PackageReference"; Value = "AXIAL-0.3"; VariantName = "[No Variations]"
Add component (AddParameter): Name = "Published"; Value = "8-Jun-2000"; VariantName = "[No Variations]"
Add component (AddParameter): Name = "Publisher"; Value = "Altium Limited"; VariantName = "[No Variations]"
Add component (AddParameter): Name = "Value"; Value = "1K"; VariantName = "[No Variations]"
Added Component: Designator=RL2(Relay 5 Chan SRD)
Add component (AddParameter): Name = "Ma_Hang"; Value = "MH009374"; VariantName = "[No Variations]"
Add component (AddParameter): Name = "Ten"; Value = "Relay 5V10A SRD-05VDC-SL-C Chính Hãng"; VariantName = "[No Variations]"
Added Component: Designator=RL3(Relay 5 Chan SRD)
Add component (AddParameter): Name = "Ma_Hang"; Value = "MH009374"; VariantName = "[No Variations]"
Add component (AddParameter): Name = "Ten"; Value = "Relay 5V10A SRD-05VDC-SL-C Chính Hãng"; VariantName = "[No Variations]"
Added Pin To Net: NetName=TX Pin=ARDUINO_MINI_PRO-8
Added Pin To Net: NetName=U2ENo Pin=ARDUINO_MINI_PRO-9
Added Pin To Net: NetName=GND Pin=D1rl2-2
Added Pin To Net: NetName=GND Pin=D1rl3-2
Added Pin To Net: NetName=GND Pin=D2rl2-2
Added Pin To Net: NetName=GND Pin=D2rl3-2
Added Pin To Net: NetName=VCC_5V Pin=D3rl2-2
Added Pin To Net: NetName=VCC_5V Pin=D3rl3-2
Added Pin To Net: NetName=U2ENo Pin=P2-1
Added Pin To Net: NetName=TX Pin=P2-2
Added Pin To Net: NetName=COM Pin=Prl2-2
Added Pin To Net: NetName=COM Pin=Prl3-2
Added Pin To Net: NetName=GND Pin=Q3-1
Added Pin To Net: NetName=GND Pin=Q4-1
Added Pin To Net: NetName=VCC_5V Pin=R2rl2-2
Added Pin To Net: NetName=VCC_5V Pin=R2rl3-2
Added Pin To Net: NetName=VCC_5V Pin=R3rl2-2
Added Pin To Net: NetName=VCC_5V Pin=R3rl3-2
Added Pin To Net: NetName=COM Pin=RL2-1
Added Pin To Net: NetName=VCC_5V Pin=RL2-5
Added Pin To Net: NetName=COM Pin=RL3-1
Added Pin To Net: NetName=VCC_5V Pin=RL3-5
Change Net Name : Old Net Name=NetDrl1_1 New Net Name=NetD3rl1_1
Change Net Name : Old Net Name=NetDrl2_1 New Net Name=NetD1rl1_1
Change Net Name : Old Net Name=NetDrl3_1 New Net Name=NetD2rl1_1
Added Pin To Net: NetName=LED Pin=ARDUINO_MINI_PRO-A6
Added Pin To Net: NetName=LED Pin=P4-2
Added Net: Name=LED
Added Pin To Net: NetName=NetD1rl2_1 Pin=D1rl2-1
Added Pin To Net: NetName=NetD1rl2_1 Pin=R2rl2-1
Added Net: Name=NetD1rl2_1
Added Pin To Net: NetName=NetD1rl3_1 Pin=D1rl3-1
Added Pin To Net: NetName=NetD1rl3_1 Pin=R2rl3-1
Added Net: Name=NetD1rl3_1
Added Pin To Net: NetName=NetD2rl2_1 Pin=D2rl2-1
Added Pin To Net: NetName=NetD2rl2_1 Pin=R3rl2-1
Added Net: Name=NetD2rl2_1
Added Pin To Net: NetName=NetD2rl3_1 Pin=D2rl3-1
Added Pin To Net: NetName=NetD2rl3_1 Pin=R3rl3-1
Added Net: Name=NetD2rl3_1
Added Pin To Net: NetName=NetD3rl2_1 Pin=D3rl2-1
Added Pin To Net: NetName=NetD3rl2_1 Pin=Q4-3
Added Pin To Net: NetName=NetD3rl2_1 Pin=RL2-4
Added Net: Name=NetD3rl2_1
Added Pin To Net: NetName=NetD3rl3_1 Pin=D3rl3-1
Added Pin To Net: NetName=NetD3rl3_1 Pin=Q3-3
Added Pin To Net: NetName=NetD3rl3_1 Pin=RL3-4
Added Net: Name=NetD3rl3_1
Added Pin To Net: NetName=NetPrl2_1 Pin=Prl2-1
Added Pin To Net: NetName=NetPrl2_1 Pin=RL2-2
Added Net: Name=NetPrl2_1
Added Pin To Net: NetName=NetPrl2_3 Pin=Prl2-3
Added Pin To Net: NetName=NetPrl2_3 Pin=RL2-3
Added Net: Name=NetPrl2_3
Added Pin To Net: NetName=NetPrl3_1 Pin=Prl3-1
Added Pin To Net: NetName=NetPrl3_1 Pin=RL3-2
Added Net: Name=NetPrl3_1
Added Pin To Net: NetName=NetPrl3_3 Pin=Prl3-3
Added Pin To Net: NetName=NetPrl3_3 Pin=RL3-3
Added Net: Name=NetPrl3_3
Added Pin To Net: NetName=NetQ3_2 Pin=Q3-2
Added Pin To Net: NetName=NetQ3_2 Pin=R1rl3-2
Added Net: Name=NetQ3_2
Added Pin To Net: NetName=NetQ4_2 Pin=Q4-2
Added Pin To Net: NetName=NetQ4_2 Pin=R1rl2-2
Added Net: Name=NetQ4_2
Added Pin To Net: NetName=RL1 Pin=ARDUINO_MINI_PRO-2
Added Pin To Net: NetName=RL1 Pin=P2-8
Added Pin To Net: NetName=RL1 Pin=R1rl1-1
Added Pin To Net: NetName=RL1 Pin=R1rl2-1
Added Pin To Net: NetName=RL1 Pin=R1rl3-1
Added Net: Name=RL1
Added Pin To Net: NetName=RL2 Pin=ARDUINO_MINI_PRO-3
Added Pin To Net: NetName=RL2 Pin=P2-7
Added Net: Name=RL2
Added Pin To Net: NetName=RL3 Pin=ARDUINO_MINI_PRO-4
Added Pin To Net: NetName=RL3 Pin=P2-6
Added Net: Name=RL3
Added Member To Class: ClassName=Sheet1 Member=Component Cn1 Cap
Added Member To Class: ClassName=Sheet1 Member=Component Cn2 100pF
Added Member To Class: ClassName=Sheet1 Member=Component Cn3 CAP
Added Member To Class: ClassName=Sheet1 Member=Component Cn4 CAP
Added Member To Class: ClassName=Sheet1 Member=Component D1rl2 LED3
Added Member To Class: ClassName=Sheet1 Member=Component D1rl3 LED3
Added Member To Class: ClassName=Sheet1 Member=Component D2rl2 LED3
Added Member To Class: ClassName=Sheet1 Member=Component D2rl3 LED3
Added Member To Class: ClassName=Sheet1 Member=Component D3rl2 Diode
Added Member To Class: ClassName=Sheet1 Member=Component D3rl3 Diode
Added Member To Class: ClassName=Sheet1 Member=Component Prl2 CON 3 EDG5.08
Added Member To Class: ClassName=Sheet1 Member=Component Prl3 CON 3 EDG5.08
Added Member To Class: ClassName=Sheet1 Member=Component Q3 2N3904
Added Member To Class: ClassName=Sheet1 Member=Component Q4 2N3904
Added Member To Class: ClassName=Sheet1 Member=Component R1rl2 Res1
Added Member To Class: ClassName=Sheet1 Member=Component R1rl3 Res1
Added Member To Class: ClassName=Sheet1 Member=Component R2rl2 Res1
Added Member To Class: ClassName=Sheet1 Member=Component R2rl3 Res1
Added Member To Class: ClassName=Sheet1 Member=Component R3rl2 Res1
Added Member To Class: ClassName=Sheet1 Member=Component R3rl3 Res1
Added Member To Class: ClassName=Sheet1 Member=Component RL2 Relay
Added Member To Class: ClassName=Sheet1 Member=Component RL3 Relay
Added Member To Class: ClassName=Sheet1 Member=Component Rn1 Res1
Added Member To Class: ClassName=Sheet1 Member=Component Rn2 Res1
Added Member To Class: ClassName=Sheet1 Member=Component Rn3 Res1
Added Member To Class: ClassName=Sheet1 Member=Component Rn4 Res1
Added Member To Class: ClassName=Sheet1 Member=Component Rn5 Res1
Added Member To Class: ClassName=Sheet1 Member=Component Tn2 c1815
Added Room: Name=Sheet1
