Removed Pin From Net: NetName=RL1 Pin=ARDUINO_MINI_PRO-3
Removed Pin From Net: NetName=RL2 Pin=ARDUINO_MINI_PRO-4
Removed Pin From Net: NetName=RL3 Pin=ARDUINO_MINI_PRO-5
Removed Pin From Net: NetName=OUT Pin=ARDUINO_MINI_PRO-7
Removed Pin From Net: NetName=TX Pin=ARDUINO_MINI_PRO-8
Removed Pin From Net: NetName=Po Pin=ARDUINO_MINI_PRO-9
Removed Pin From Net: NetName=Po Pin=P2-1
Removed Pin From Net: NetName=TX Pin=P2-2
Removed Pin From Net: NetName=OUT Pin=P2-3
Removed Pin From Net: NetName=RL3 Pin=P2-5
Removed Pin From Net: NetName=RL2 Pin=P2-6
Removed Pin From Net: NetName=RL1 Pin=P2-7
Added Pin To Net: NetName=OUT Pin=ARDUINO_MINI_PRO-3
Added Pin To Net: NetName=TX Pin=ARDUINO_MINI_PRO-4
Added Pin To Net: NetName=Po Pin=ARDUINO_MINI_PRO-5
Added Pin To Net: NetName=RL1 Pin=ARDUINO_MINI_PRO-7
Added Pin To Net: NetName=RL2 Pin=ARDUINO_MINI_PRO-8
Added Pin To Net: NetName=RL3 Pin=ARDUINO_MINI_PRO-9
Added Pin To Net: NetName=U2RXo Pin=ARDUINO_MINI_PRO-RX
Added Pin To Net: NetName=U2RXo Pin=ARDUINO_MINI_PRO-RX
Added Pin To Net: NetName=U1TXo Pin=ARDUINO_MINI_PRO-TX
Added Pin To Net: NetName=U1TXo Pin=ARDUINO_MINI_PRO-TX
Added Pin To Net: NetName=RL3 Pin=P2-1
Added Pin To Net: NetName=RL2 Pin=P2-2
Added Pin To Net: NetName=RL1 Pin=P2-3
Added Pin To Net: NetName=Po Pin=P2-5
Added Pin To Net: NetName=TX Pin=P2-6
Added Pin To Net: NetName=OUT Pin=P2-7
Added Room: Name=Sheet1
